// Jest Snapshot v1, https://goo.gl/fbAQLP

exports[`Profile should render profile component 1`] = `<div />`;
