// Jest Snapshot v1, https://goo.gl/fbAQLP

exports[`Button component should render a button 1`] = `
<div>
  <button
    class="sc-erFrCC iFaZZO"
  />
</div>
`;
