// Jest Snapshot v1, https://goo.gl/fbAQLP

exports[`Home should render home component 1`] = `<div />`;
