// Jest Snapshot v1, https://goo.gl/fbAQLP

exports[`Tweet should render tweet component 1`] = `
<div>
  <div
    class="sc-jySWPz dhyrvK"
    data-testid="tweet-item"
  >
    <div
      class="sc-burPHO eXNuIf"
    >
      <img
        alt="Avatar"
        class="sc-cHausL hIINSS"
        src="/assets/images/Avatar.svg"
      />
    </div>
    <div
      class="sc-hlwzUd TjVjh"
    >
      <div
        class="sc-XDmMx fZWpeS"
      >
        <div
          class="sc-jjgsYe coYsJH"
        >
          <h4
            class="sc-cEPTvB knBcr"
            data-testid="username"
          >
            test
          </h4>
          <div
            class="sc-fPKvMM jappeS"
            data-testid="nickname"
          >
            @
            test
             Â· 
            Jun 4
          </div>
        </div>
        <button
          class="sc-hoAVFr bxqzGG"
        >
          <svg
            class="sc-hyPqDM dtxtnG"
            fill="currentColor"
            focusable="false"
            height="4"
            role="img"
            viewBox="0 0 18 4"
            width="18"
          >
            <path
              d="M4.67308 2C4.67308 3.10457 3.79487 4 2.71154 4C1.62821 4 0.75 3.10457 0.75 2C0.75 0.895431 1.62821 0 2.71154 0C3.79487 0 4.67308 0.895431 4.67308 2Z"
            />
            <path
              d="M11.2115 2C11.2115 3.10457 10.3333 4 9.25 4C8.16667 4 7.28846 3.10457 7.28846 2C7.28846 0.895431 8.16667 0 9.25 0C10.3333 0 11.2115 0.895431 11.2115 2Z"
            />
            <path
              d="M17.75 2C17.75 3.10457 16.8718 4 15.7885 4C14.7051 4 13.8269 3.10457 13.8269 2C13.8269 0.895431 14.7051 0 15.7885 0C16.8718 0 17.75 0.895431 17.75 2Z"
            />
          </svg>
        </button>
      </div>
      <p
        class="sc-kwrclo jrfDXY"
        data-testid="tweet-text"
      >
        Lorem ipsum dolor sit amet, consectetur adipiscing elit, sed do eiusmod tempor incididunt ut labore et dolore magna aliqua.
      </p>
      <div
        class="sc-goxvPd ftfERC"
      >
        <svg
          fill="currentColor"
          focusable="false"
          height="24"
          role="img"
          viewBox="0 0 25 24"
          width="25"
        >
          <path
            d="M12.8 21.914H12.786C10.203 21.866 2.75 15.132 2.75 8.754C2.75 5.69 5.275 3 8.153 3C10.443 3 11.983 4.58 12.799 5.73C13.613 4.582 15.153 3 17.444 3C20.324 3 22.848 5.69 22.848 8.755C22.848 15.131 15.394 21.865 12.811 21.912H12.8V21.914ZM8.154 4.501C6.074 4.501 4.251 6.489 4.251 8.756C4.251 14.496 11.285 20.352 12.801 20.414C14.319 20.352 21.351 14.497 21.351 8.756C21.351 6.489 19.528 4.501 17.448 4.501C14.92 4.501 13.508 7.437 13.496 7.466C13.266 8.028 12.34 8.028 12.109 7.466C12.095 7.436 10.684 4.501 8.15501 4.501H8.154Z"
            fill="#536471"
          />
        </svg>
        <span
          class="sc-cSiKfk gTDNyI"
        >
          8
        </span>
      </div>
    </div>
  </div>
</div>
`;
